2023-08-03 23:48:07.883 [info] Added views:workbench.panel.markers.view in workbench.panel.markers
2023-08-03 23:48:07.883 [info] Added views:workbench.panel.output in workbench.panel.output
2023-08-03 23:48:07.883 [info] Added views:terminal in terminal
2023-08-03 23:48:07.883 [info] Added views:outline in workbench.view.explorer
2023-08-03 23:48:07.883 [info] Added views:workbench.scm in workbench.view.scm
2023-08-03 23:48:07.883 [info] Added views:workbench.view.search in workbench.view.search
2023-08-03 23:48:07.883 [info] Added views:timeline in workbench.view.explorer
2023-08-03 23:48:07.883 [info] Added views:workbench.explorer.fileView in workbench.view.explorer
2023-08-03 23:48:09.334 [info] Added views:workbench.debug.welcome in workbench.view.debug
2023-08-03 23:48:09.671 [info] Added views:pythonEnvironments in workbench.view.extension.package-explorer
2023-08-03 23:48:09.672 [info] Added views:dockerContainers,dockerImages,dockerRegistries,dockerNetworks,dockerVolumes,vscode-docker.views.dockerContexts,vscode-docker.views.help in workbench.view.extension.dockerView
2023-08-03 23:48:09.673 [info] Added views:workspaceViewer in workbench.view.extension.workspaceViewer
2023-08-03 23:48:09.894 [info] Added views:workbench.panel.repl.view in workbench.panel.repl
2023-08-03 23:48:15.649 [info] Added views:workbench.views.extensions.installed,workbench.views.extensions.popular,extensions.recommendedList in workbench.view.extensions
2023-08-03 23:48:15.653 [info] Removed views:workbench.views.extensions.popular from workbench.view.extensions
2023-08-03 23:48:43.322 [info] Added views:workbench.panel.markers.view in workbench.panel.markers
2023-08-03 23:48:43.322 [info] Added views:workbench.panel.output in workbench.panel.output
2023-08-03 23:48:43.322 [info] Added views:terminal in terminal
2023-08-03 23:48:43.322 [info] Added views:outline in workbench.view.explorer
2023-08-03 23:48:43.322 [info] Added views:workbench.scm in workbench.view.scm
2023-08-03 23:48:43.322 [info] Added views:workbench.view.search in workbench.view.search
2023-08-03 23:48:43.322 [info] Added views:timeline in workbench.view.explorer
2023-08-03 23:48:43.322 [info] Added views:workbench.explorer.fileView in workbench.view.explorer
2023-08-03 23:48:44.270 [info] Added views:pythonEnvironments in workbench.view.extension.package-explorer
2023-08-03 23:48:44.272 [info] Added views:dockerContainers,dockerImages,dockerRegistries,dockerNetworks,dockerVolumes,vscode-docker.views.dockerContexts,vscode-docker.views.help in workbench.view.extension.dockerView
2023-08-03 23:48:44.273 [info] Added views:workspaceViewer in workbench.view.extension.workspaceViewer
2023-08-03 23:48:44.482 [info] Added views:workbench.debug.welcome in workbench.view.debug
2023-08-03 23:48:44.658 [info] Added views:workbench.panel.repl.view in workbench.panel.repl
2023-08-03 23:48:46.019 [info] Added views:workbench.views.extensions.installed,extensions.recommendedList in workbench.view.extensions
2023-08-03 23:49:19.321 [info] Added views:jupyterViewVariables in workbench.view.extension.jupyter-variables
2023-08-03 23:49:19.398 [info] Added views:cell-tag in workbench.view.extension.jupyter-variables
2023-08-03 23:49:20.575 [info] Added views:workbench.view.testing in workbench.view.extension.test
2023-08-03 23:56:04.455 [info] Removed views:workbench.view.testing from workbench.view.extension.test
