2022-09-21 06:14:59 Loading main app package /usr/lib/obsidian/obsidian.asar
2022-09-21 06:14:59 Checking for update using Github
2022-09-21 06:14:59 Success.
2022-09-21 06:14:59 Latest version is 0.15.9
2022-09-21 06:14:59 App is up to date.
2022-09-21 07:14:59 Checking for update using Github
2022-09-21 07:14:59 Success.
2022-09-21 07:14:59 Latest version is 0.15.9
2022-09-21 07:14:59 App is up to date.
2022-09-21 12:18:30 Loading main app package /usr/lib/obsidian/obsidian.asar
2022-09-21 12:18:30 Checking for update using Github
2022-09-21 12:18:30 Success.
2022-09-21 12:18:30 Latest version is 0.15.9
2022-09-21 12:18:30 App is up to date.
2022-09-21 13:47:19 Checking for update using Github
2022-09-21 13:47:19 Success.
2022-09-21 13:47:19 Latest version is 0.15.9
2022-09-21 13:47:19 App is up to date.
2022-10-19 14:28:27 Loading main app package /usr/lib/obsidian/obsidian.asar
2022-10-19 14:28:27 Checking for update using Github
2022-10-19 14:28:27 Success.
2022-10-19 14:28:27 Latest version is 1.0.0
2022-10-19 14:28:27 App is up to date.
2022-10-20 08:34:36 Loading main app package /usr/lib/obsidian/obsidian.asar
2022-10-20 08:34:36 Checking for update using Github
2022-10-20 08:34:37 Success.
2022-10-20 08:34:37 Latest version is 1.0.0
2022-10-20 08:34:37 App is up to date.
2022-10-20 09:34:36 Checking for update using Github
2022-10-20 09:34:36 Success.
2022-10-20 09:34:36 Latest version is 1.0.0
2022-10-20 09:34:36 App is up to date.
2023-08-16 13:35:49 Loading main app package /usr/lib/obsidian/obsidian.asar
2023-08-16 13:35:49 Checking for update using Github
2023-08-16 13:35:50 Success.
2023-08-16 13:35:50 Latest version is 1.3.7
2023-08-16 13:35:50 App is up to date.
2023-08-17 18:47:31 Loading main app package /usr/lib/obsidian/obsidian.asar
2023-08-17 18:47:32 Checking for update using Github
2023-08-17 18:47:32 Success.
2023-08-17 18:47:32 Latest version is 1.3.7
2023-08-17 18:47:32 App is up to date.
