2023-07-10 09:40:19.787 [info] Added views:workbench.panel.markers.view in workbench.panel.markers
2023-07-10 09:40:19.787 [info] Added views:workbench.panel.output in workbench.panel.output
2023-07-10 09:40:19.787 [info] Added views:terminal in terminal
2023-07-10 09:40:19.787 [info] Added views:outline in workbench.view.explorer
2023-07-10 09:40:19.787 [info] Added views:workbench.scm in workbench.view.scm
2023-07-10 09:40:19.787 [info] Added views:workbench.view.search in workbench.view.search
2023-07-10 09:40:19.787 [info] Added views:timeline in workbench.view.explorer
2023-07-10 09:40:19.787 [info] Added views:workbench.explorer.emptyView in workbench.view.explorer
2023-07-10 09:40:20.771 [info] Added views:workbench.debug.welcome in workbench.view.debug
2023-07-10 09:40:21.161 [info] Added views:pythonEnvironments in workbench.view.extension.package-explorer
2023-07-10 09:40:21.162 [info] Added views:dockerContainers,dockerImages,dockerRegistries,dockerNetworks,dockerVolumes,vscode-docker.views.dockerContexts,vscode-docker.views.help in workbench.view.extension.dockerView
2023-07-10 09:40:21.163 [info] Added views:workspaceViewer in workbench.view.extension.workspaceViewer
2023-07-10 09:40:21.326 [info] Added views:workbench.panel.repl.view in workbench.panel.repl
2023-07-10 09:41:53.495 [info] Added views:workbench.views.extensions.installed,workbench.views.extensions.popular,extensions.recommendedList in workbench.view.extensions
2023-07-10 09:41:53.499 [info] Removed views:workbench.views.extensions.popular from workbench.view.extensions
2023-07-10 09:42:02.731 [info] Removed views:extensions.recommendedList,workbench.views.extensions.installed from workbench.view.extensions
2023-07-10 09:42:02.749 [info] Added views:workbench.views.extensions.marketplace in workbench.view.extensions
2023-07-10 09:42:35.141 [info] Removed views:workbench.views.extensions.marketplace from workbench.view.extensions
2023-07-10 09:42:35.178 [info] Added views:workbench.views.extensions.installed,extensions.recommendedList in workbench.view.extensions
2023-07-10 09:45:11.639 [info] Added views:workbench.panel.markers.view in workbench.panel.markers
2023-07-10 09:45:11.639 [info] Added views:workbench.panel.output in workbench.panel.output
2023-07-10 09:45:11.639 [info] Added views:terminal in terminal
2023-07-10 09:45:11.639 [info] Added views:outline in workbench.view.explorer
2023-07-10 09:45:11.639 [info] Added views:workbench.scm in workbench.view.scm
2023-07-10 09:45:11.639 [info] Added views:workbench.view.search in workbench.view.search
2023-07-10 09:45:11.639 [info] Added views:timeline in workbench.view.explorer
2023-07-10 09:45:11.639 [info] Added views:workbench.explorer.emptyView in workbench.view.explorer
2023-07-10 09:45:11.997 [info] Added views:workbench.debug.welcome in workbench.view.debug
2023-07-10 09:45:12.474 [info] Added views:pythonEnvironments in workbench.view.extension.package-explorer
2023-07-10 09:45:12.475 [info] Added views:dockerContainers,dockerImages,dockerRegistries,dockerNetworks,dockerVolumes,vscode-docker.views.dockerContexts,vscode-docker.views.help in workbench.view.extension.dockerView
2023-07-10 09:45:12.475 [info] Added views:workspaceViewer in workbench.view.extension.workspaceViewer
2023-07-10 09:45:12.862 [info] Added views:workbench.panel.repl.view in workbench.panel.repl
2023-07-10 10:36:58.112 [info] Showing view rHelpPages in the container workbench.view.extension.workspaceViewer
2023-07-10 10:36:58.145 [info] Added views:rHelpPages in workbench.view.extension.workspaceViewer
