2023-07-10 09:40:22.298 [info] Reading sessions from keychain...
2023-07-10 09:40:22.298 [info] Getting sessions for all scopes...
2023-07-10 09:40:22.298 [info] Getting sessions for user:email...
2023-07-10 09:40:22.755 [info] Getting sessions for all scopes...
2023-07-10 09:40:33.975 [info] Got stored sessions!
2023-07-10 09:40:33.975 [info] Got 1 verified sessions.
2023-07-10 09:40:33.975 [info] Got 1 sessions for ...
2023-07-10 09:40:33.975 [info] Got 0 sessions for user:email...
2023-07-10 09:40:33.976 [info] Got 1 sessions for ...
2023-07-10 09:40:34.297 [info] Getting sessions for all scopes...
2023-07-10 09:40:34.297 [info] Got 1 sessions for ...
2023-07-10 09:45:16.589 [info] Reading sessions from keychain...
2023-07-10 09:45:16.590 [info] Getting sessions for all scopes...
2023-07-10 09:45:16.593 [info] Getting sessions for user:email...
2023-07-10 09:45:16.636 [info] Got stored sessions!
2023-07-10 09:45:16.636 [info] Got 1 verified sessions.
2023-07-10 09:45:16.636 [info] Got 1 sessions for ...
2023-07-10 09:45:16.636 [info] Got 0 sessions for user:email...
2023-07-10 09:45:16.691 [info] Getting sessions for all scopes...
2023-07-10 09:45:16.691 [info] Got 1 sessions for ...
2023-07-10 09:45:16.887 [info] Getting sessions for all scopes...
2023-07-10 09:45:16.887 [info] Got 1 sessions for ...
