2023-07-18 08:08:48.532 [info] Reading sessions from keychain...
2023-07-18 08:08:48.532 [info] Getting sessions for all scopes...
2023-07-18 08:08:48.532 [info] Got stored sessions!
2023-07-18 08:08:48.532 [info] Got 1 verified sessions.
2023-07-18 08:08:48.532 [info] Got 1 sessions for ...
2023-07-18 08:08:48.532 [info] Getting sessions for user:email...
2023-07-18 08:08:48.532 [info] Got 0 sessions for user:email...
2023-07-18 08:08:48.638 [info] Getting sessions for all scopes...
2023-07-18 08:08:48.638 [info] Got 1 sessions for ...
2023-07-18 08:08:48.694 [info] Getting sessions for all scopes...
2023-07-18 08:08:48.694 [info] Got 1 sessions for ...
2023-07-18 08:11:06.814 [info] Reading sessions from keychain...
2023-07-18 08:11:06.815 [info] Getting sessions for all scopes...
2023-07-18 08:11:06.816 [info] Getting sessions for user:email...
2023-07-18 08:11:06.819 [info] Got stored sessions!
2023-07-18 08:11:06.819 [info] Got 1 verified sessions.
2023-07-18 08:11:06.819 [info] Got 1 sessions for ...
2023-07-18 08:11:06.819 [info] Got 0 sessions for user:email...
2023-07-18 08:11:06.963 [info] Getting sessions for all scopes...
2023-07-18 08:11:06.963 [info] Got 1 sessions for ...
