2023-07-18 08:08:44.099 [info] Added views:workbench.panel.markers.view in workbench.panel.markers
2023-07-18 08:08:44.099 [info] Added views:workbench.panel.output in workbench.panel.output
2023-07-18 08:08:44.099 [info] Added views:terminal in terminal
2023-07-18 08:08:44.099 [info] Added views:outline in workbench.view.explorer
2023-07-18 08:08:44.099 [info] Added views:workbench.scm in workbench.view.scm
2023-07-18 08:08:44.099 [info] Added views:workbench.view.search in workbench.view.search
2023-07-18 08:08:44.099 [info] Added views:timeline in workbench.view.explorer
2023-07-18 08:08:44.099 [info] Added views:workbench.explorer.emptyView in workbench.view.explorer
2023-07-18 08:08:44.704 [info] Added views:workbench.debug.welcome in workbench.view.debug
2023-07-18 08:08:46.042 [info] Added views:pythonEnvironments in workbench.view.extension.package-explorer
2023-07-18 08:08:46.043 [info] Added views:dockerContainers,dockerImages,dockerRegistries,dockerNetworks,dockerVolumes,vscode-docker.views.dockerContexts,vscode-docker.views.help in workbench.view.extension.dockerView
2023-07-18 08:08:46.045 [info] Added views:workspaceViewer in workbench.view.extension.workspaceViewer
2023-07-18 08:08:46.290 [info] Added views:workbench.panel.repl.view in workbench.panel.repl
2023-07-18 08:08:50.347 [info] Added views:workbench.views.extensions.installed,workbench.views.extensions.popular,extensions.recommendedList in workbench.view.extensions
2023-07-18 08:08:50.350 [info] Removed views:workbench.views.extensions.popular from workbench.view.extensions
2023-07-18 08:08:56.566 [info] Removed views:extensions.recommendedList,workbench.views.extensions.installed from workbench.view.extensions
2023-07-18 08:08:56.586 [info] Added views:workbench.views.extensions.marketplace in workbench.view.extensions
2023-07-18 08:11:05.130 [info] Added views:workbench.panel.markers.view in workbench.panel.markers
2023-07-18 08:11:05.130 [info] Added views:workbench.panel.output in workbench.panel.output
2023-07-18 08:11:05.130 [info] Added views:terminal in terminal
2023-07-18 08:11:05.130 [info] Added views:outline in workbench.view.explorer
2023-07-18 08:11:05.130 [info] Added views:workbench.scm in workbench.view.scm
2023-07-18 08:11:05.130 [info] Added views:workbench.view.search in workbench.view.search
2023-07-18 08:11:05.130 [info] Added views:timeline in workbench.view.explorer
2023-07-18 08:11:05.130 [info] Added views:workbench.explorer.emptyView in workbench.view.explorer
2023-07-18 08:11:05.854 [info] Added views:pythonEnvironments in workbench.view.extension.package-explorer
2023-07-18 08:11:05.856 [info] Added views:dockerContainers,dockerImages,dockerRegistries,dockerNetworks,dockerVolumes,vscode-docker.views.dockerContexts,vscode-docker.views.help in workbench.view.extension.dockerView
2023-07-18 08:11:05.857 [info] Added views:workspaceViewer in workbench.view.extension.workspaceViewer
2023-07-18 08:11:06.149 [info] Added views:workbench.debug.welcome in workbench.view.debug
2023-07-18 08:11:06.322 [info] Added views:workbench.panel.repl.view in workbench.panel.repl
2023-07-18 08:11:06.865 [info] Added views:workbench.views.extensions.installed,extensions.recommendedList in workbench.view.extensions
2023-07-18 08:11:50.863 [info] Removed views:extensions.recommendedList,workbench.views.extensions.installed from workbench.view.extensions
2023-07-18 08:11:50.883 [info] Added views:workbench.views.extensions.marketplace in workbench.view.extensions
2023-07-18 08:12:21.161 [info] Added views:jupyterViewVariables in workbench.view.extension.jupyter-variables
2023-07-18 08:12:21.282 [info] Added views:cell-tag in workbench.view.extension.jupyter-variables
2023-07-18 08:12:22.212 [info] Added views:workbench.view.testing in workbench.view.extension.test
2023-07-18 08:16:07.815 [info] Removed views:workbench.view.testing from workbench.view.extension.test
