2023-07-18 08:12:23.078 [info] Name: isort
2023-07-18 08:12:23.078 [info] Module: isort
2023-07-18 08:12:23.078 [info] Python extension loading
2023-07-18 08:12:23.078 [info] Waiting for interpreter from python extension.
2023-07-18 08:12:28.473 [info] No interpreter found from setting isort.interpreter
2023-07-18 08:12:28.473 [info] Getting interpreter from ms-python.python extension for workspace /home/marc
2023-07-18 08:12:28.473 [info] Python extension loaded
2023-07-18 08:12:28.474 [info] Interpreter from ms-python.python extension for /home/marc: /bin/python
2023-07-18 08:12:28.487 [info] Server run command: /bin/python /home/marc/.vscode/extensions/ms-python.isort-2023.10.1/bundled/tool/lsp_server.py
2023-07-18 08:12:28.489 [info] Server: Start requested.
2023-07-18 08:12:30.515 [info] CWD Server: /home/marc
2023-07-18 08:12:30.516 [info] sys.path used to run Server:
   /home/marc/.vscode/extensions/ms-python.isort-2023.10.1/bundled/libs
   /home/marc/.vscode/extensions/ms-python.isort-2023.10.1/bundled/tool
   /usr/lib/python311.zip
   /usr/lib/python3.11
   /usr/lib/python3.11/lib-dynload
   /usr/lib/python3.11/site-packages
2023-07-18 08:12:30.516 [info] Settings used to run Server:
[]

2023-07-18 08:12:30.516 [info] Global settings:
{
    "check": false,
    "cwd": "/home/marc",
    "workspace": "/home/marc",
    "args": [],
    "path": [],
    "severity": {
        "W": "Warning",
        "E": "Hint"
    },
    "interpreter": [],
    "importStrategy": "useBundled",
    "showNotifications": "off"
}

2023-07-18 08:12:30.516 [info] /bin/python -m isort --version-number
2023-07-18 08:12:30.516 [info] CWD Linter: /home/marc
2023-07-18 08:12:30.517 [info] Version info for isort running for /home/marc:
5.11.5

2023-07-18 08:12:30.517 [info] SUPPORTED isort>=5.10.1
FOUND isort==5.11.5

2023-07-18 08:12:30.557 [info] [Trace - 8:12:30 AM] Received notification 'textDocument/publishDiagnostics'.
2023-07-18 08:16:07.853 [info] [Trace - 8:16:07 AM] Sending request 'shutdown - (1)'.
2023-07-18 08:16:07.887 [info] [Trace - 8:16:07 AM] Received response 'shutdown - (1)' in 57ms.
2023-07-18 08:16:07.887 [info] [Trace - 8:16:07 AM] Sending notification 'exit'.
