2023-08-03 23:48:13.608 [info] Deleted uninstalled extension from disk ms-python.vscode-pylance /home/marc/.vscode/extensions/ms-python.vscode-pylance-2023.7.20
2023-08-03 23:48:16.560 [info] Getting Manifest... james-yu.latex-workshop
2023-08-03 23:48:16.572 [info] Getting Manifest... ms-python.python
2023-08-03 23:48:16.578 [info] Getting Manifest... ms-python.vscode-pylance
2023-08-03 23:48:16.584 [info] Getting Manifest... ms-toolsai.jupyter
2023-08-03 23:48:16.717 [info] Installing extension: ms-toolsai.jupyter
2023-08-03 23:48:16.887 [info] Installing extension: ms-python.python
2023-08-03 23:48:16.978 [info] Installing extension: james-yu.latex-workshop
2023-08-03 23:48:17.244 [info] Installing extension: ms-python.vscode-pylance
2023-08-03 23:48:19.949 [info] Getting Manifest... ms-python.python
2023-08-03 23:48:20.069 [info] Waiting for already requested installing extension ms-python.python ms-python.vscode-pylance
2023-08-03 23:48:33.315 [warning] Extension signature verification failed with error 'UnknownError': james-yu.latex-workshop
2023-08-03 23:48:36.105 [info] Extracted extension to file:///home/marc/.vscode/extensions/james-yu.latex-workshop-9.13.3: james-yu.latex-workshop
2023-08-03 23:48:36.133 [info] Renamed to /home/marc/.vscode/extensions/james-yu.latex-workshop-9.13.3
2023-08-03 23:48:36.137 [info] Extracting extension completed. james-yu.latex-workshop
2023-08-03 23:48:36.161 [info] Extension installed successfully: james-yu.latex-workshop
2023-08-03 23:48:36.170 [info] Marked extension as uninstalled james-yu.latex-workshop-9.13.1
2023-08-03 23:48:36.800 [warning] Extension signature verification failed with error 'UnknownError': ms-toolsai.jupyter
2023-08-03 23:48:37.302 [info] Extracted extension to file:///home/marc/.vscode/extensions/ms-toolsai.jupyter-2023.7.1002162226-linux-x64: ms-toolsai.jupyter
2023-08-03 23:48:37.354 [info] Renamed to /home/marc/.vscode/extensions/ms-toolsai.jupyter-2023.7.1002162226-linux-x64
2023-08-03 23:48:37.361 [info] Extracting extension completed. ms-toolsai.jupyter
2023-08-03 23:48:37.373 [info] Extension installed successfully: ms-toolsai.jupyter
2023-08-03 23:48:37.383 [info] Marked extension as uninstalled ms-toolsai.jupyter-2023.6.1101941928-linux-x64
2023-08-03 23:48:48.907 [info] Getting Manifest... ms-python.python
2023-08-03 23:48:48.909 [info] Getting Manifest... ms-python.vscode-pylance
2023-08-03 23:48:48.920 [info] Extensions is already requested to install ms-python.python
2023-08-03 23:48:48.934 [info] Extensions is already requested to install ms-python.vscode-pylance
2023-08-03 23:48:52.845 [warning] Extension signature verification failed with error 'UnknownError': ms-python.python
2023-08-03 23:48:54.212 [warning] Extension signature verification failed with error 'UnknownError': ms-python.vscode-pylance
2023-08-03 23:48:57.046 [info] Extracted extension to file:///home/marc/.vscode/extensions/ms-python.python-2023.14.0: ms-python.python
2023-08-03 23:48:57.063 [info] Renamed to /home/marc/.vscode/extensions/ms-python.python-2023.14.0
2023-08-03 23:48:57.074 [info] Extracting extension completed. ms-python.python
2023-08-03 23:48:57.094 [info] Extension installed successfully: ms-python.python
2023-08-03 23:48:57.095 [info] Finished waiting for already requested installing extension ms-python.python ms-python.vscode-pylance
2023-08-03 23:48:57.106 [info] Marked extension as uninstalled ms-python.python-2023.12.0
2023-08-03 23:49:00.327 [info] Extracted extension to file:///home/marc/.vscode/extensions/ms-python.vscode-pylance-2023.8.10: ms-python.vscode-pylance
2023-08-03 23:49:00.335 [info] Renamed to /home/marc/.vscode/extensions/ms-python.vscode-pylance-2023.8.10
2023-08-03 23:49:00.339 [info] Extracting extension completed. ms-python.vscode-pylance
2023-08-03 23:49:00.355 [info] Extension installed successfully: ms-python.vscode-pylance
2023-08-03 23:49:00.361 [info] Marked extension as uninstalled ms-python.vscode-pylance-2023.7.30
